---
source: crates/proc_macros_impl/tests/ffi_unified.rs
expression: expand_ffi!(item)
---
impl TestService {
    pub fn new(value: u32) -> Self {
        Self { value }
    }
    pub fn get_value(&self) -> u32 {
        self.value
    }
}
::core::compile_error! {
    "Using the name 'value' can cause conflicts in generated code."
}
