---
source: crates/proc_macros_impl/tests/svc_async.rs
expression: expand_ffi!(item)
---
#[allow(clippy::used_underscore_items)]
const _: () = {
    const fn _assert_type_info<T: ::interoptopus::lang::types::TypeInfo>() {}
    _assert_type_info::<Service>();
    {
        const fn _assert_async_ctor_runtime<
            T: ::interoptopus::pattern::asynk::AsyncRuntime,
        >() {}
        _assert_async_ctor_runtime::<Runtime>();
    }
    ::interoptopus::lang::types::assert_service_ctor_safe::<
        ffi::Result<Service, Error>,
    >();
    ::interoptopus::lang::types::assert_service_safe::<Service>();
};
impl Service {
    pub async fn new(runtime: Async<Runtime>) -> ffi::Result<Self, Error> {
        ffi::Ok(Self)
    }
    pub fn method(&self) -> u32 {
        0
    }
}
#[allow(clippy::used_underscore_items)]
#[::interoptopus::ffi]
unsafe fn service_new(
    runtime: *const Runtime,
    callback: ::interoptopus::pattern::asynk::AsyncCallback<
        <::interoptopus::ffi::Result<
            (),
            Error,
        > as ::interoptopus::pattern::result::ResultAs>::AsT<*const Service>,
    >,
) {
    unsafe {
        use ::interoptopus::pattern::asynk::AsyncRuntime;
        let _runtime_arc = ::std::sync::Arc::from_raw(runtime);
        let _runtime_invoke = ::std::sync::Arc::clone(&_runtime_arc);
        let _runtime_inside = ::std::sync::Arc::clone(&_runtime_arc);
        ::std::mem::forget(_runtime_arc);
        _runtime_invoke
            .spawn(move |_ctx| async move {
                let _async_runtime = ::interoptopus::pattern::asynk::Async::new(
                    _runtime_inside,
                    _ctx,
                );
                let _result = Service::new(_async_runtime).await;
                match _result {
                    ::interoptopus::ffi::Ok(service_instance) => {
                        callback
                            .call(
                                &::interoptopus::ffi::Ok(
                                    ::std::sync::Arc::into_raw(
                                        ::std::sync::Arc::new(service_instance),
                                    ),
                                ),
                            );
                    }
                    ::interoptopus::ffi::Err(err) => {
                        callback.call(&::interoptopus::ffi::Err(err))
                    }
                    ::interoptopus::ffi::Result::Panic => {
                        callback.call(&::interoptopus::ffi::Result::Panic)
                    }
                    ::interoptopus::ffi::Result::Null => {
                        callback.call(&::interoptopus::ffi::Result::Null)
                    }
                }
            });
    }
}
#[allow(clippy::ptr_cast_constness)]
#[::interoptopus::ffi]
fn service_destroy(instance: *const Service) {
    if !instance.is_null() {
        unsafe {
            let _ = ::std::sync::Arc::from_raw(instance);
        }
    }
}
#[::interoptopus::ffi]
unsafe fn service_method(instance: *const Service) -> u32 {
    unsafe {
        let instance_ref = &*instance;
        instance_ref.method()
    }
}
impl ::interoptopus::lang::service::ServiceInfo for Service {
    fn id() -> ::interoptopus::inventory::ServiceId {
        ::interoptopus::inventory::ServiceId::from_id(::interoptopus::id!(Service))
    }
    fn service() -> ::interoptopus::lang::service::Service {
        ::interoptopus::lang::service::Service::new(
            <Service as ::interoptopus::lang::types::TypeInfo>::id(),
            vec![< service_new as ::interoptopus::lang::function::FunctionInfo > ::id()],
            <service_destroy as ::interoptopus::lang::function::FunctionInfo>::id(),
            vec![
                < service_method as ::interoptopus::lang::function::FunctionInfo > ::id()
            ],
        )
    }
    fn register(inventory: &mut impl ::interoptopus::inventory::Inventory) {
        <Service as ::interoptopus::lang::types::TypeInfo>::register(inventory);
        <service_new as ::interoptopus::lang::function::FunctionInfo>::register(
            inventory,
        );
        <service_destroy as ::interoptopus::lang::function::FunctionInfo>::register(
            inventory,
        );
        <service_method as ::interoptopus::lang::function::FunctionInfo>::register(
            inventory,
        );
        inventory.register_service(Self::id(), Self::service());
    }
}
